RAM Allocation [bytes]
Variable                                                                          Address   Size
------------------------------------------------------------------------------------------------
buff                                                                              0x0260      10
jarak                                                                             0x026A       4
jrk                                                                               0x026E       4
_base_y (alcd.lib)                                                                0x0272       4
_seed (stdlib.lib)                                                                0x0276       4

EEPROM Allocation [bytes]
Variable                                                                          Address   Size
------------------------------------------------------------------------------------------------

Register Allocation
Variable                                                                          Register  Size
------------------------------------------------------------------------------------------------
count                                                                             R4,R5        2
_lcd_x                                                                            R7           1
_lcd_y                                                                            R6           1
_lcd_maxx                                                                         R9           1

FLASH Allocation [words]
Function                                                                          Address   Size
------------------------------------------------------------------------------------------------
sensor_jarak                                                                      0x000B2     40
main                                                                              0x000DA    104
_lcd_write_nibble_G100                                                            0x00142     21
_lcd_write_data                                                                   0x00157     13
lcd_gotoxy                                                                        0x00164     18
lcd_clear                                                                         0x00176     10
lcd_putchar                                                                       0x00180     20
lcd_puts                                                                          0x00194     13
lcd_putsf                                                                         0x001A1     15
lcd_init                                                                          0x001B0     43
itoa                                                                              0x001DB     46
