RAM Allocation [bytes]
Variable                                                                          Address   Size
------------------------------------------------------------------------------------------------
buff                                                                              0x0260      10
gempa                                                                             0x026A       4
gmp                                                                               0x026E       4
_base_y (alcd.lib)                                                                0x0272       4
_seed (stdlib.lib)                                                                0x0276       4

EEPROM Allocation [bytes]
Variable                                                                          Address   Size
------------------------------------------------------------------------------------------------

Register Allocation
Variable                                                                          Register  Size
------------------------------------------------------------------------------------------------
count                                                                             R4,R5        2
_lcd_x                                                                            R7           1
_lcd_y                                                                            R6           1
_lcd_maxx                                                                         R9           1

FLASH Allocation [words]
Function                                                                          Address   Size
------------------------------------------------------------------------------------------------
sensor_gempa                                                                      0x000C5     40
main                                                                              0x000ED    104
_lcd_write_nibble_G100                                                            0x00155     21
_lcd_write_data                                                                   0x0016A     13
lcd_gotoxy                                                                        0x00177     18
lcd_clear                                                                         0x00189     10
lcd_putchar                                                                       0x00193     20
lcd_puts                                                                          0x001A7     13
lcd_putsf                                                                         0x001B4     15
lcd_init                                                                          0x001C3     43
itoa                                                                              0x001EE     46
